I'm sorry, but errors were detected in your script. Please correct the
errors listed below, and try again.


File "game/script.rpy", line 7: expected expression
    define s =
               ^

Ren'Py Version: Ren'Py 8.4.1.25072401
Sun Sep 28 09:20:15 2025
